------------------------------------------------------------
Timing Analyzer Summary
------------------------------------------------------------

Type  : Slow 1100mV 85C Model Setup 'clk'
Slack : -0.269
TNS   : -0.786

Type  : Slow 1100mV 85C Model Hold 'clk'
Slack : 0.359
TNS   : 0.000

Type  : Slow 1100mV 85C Model Minimum Pulse Width 'clk'
Slack : -0.538
TNS   : -3.083

Type  : Slow 1100mV 0C Model Setup 'clk'
Slack : -0.317
TNS   : -1.029

Type  : Slow 1100mV 0C Model Hold 'clk'
Slack : 0.337
TNS   : 0.000

Type  : Slow 1100mV 0C Model Minimum Pulse Width 'clk'
Slack : -0.538
TNS   : -3.164

Type  : Fast 1100mV 85C Model Setup 'clk'
Slack : 0.377
TNS   : 0.000

Type  : Fast 1100mV 85C Model Hold 'clk'
Slack : 0.191
TNS   : 0.000

Type  : Fast 1100mV 85C Model Minimum Pulse Width 'clk'
Slack : -0.086
TNS   : -0.340

Type  : Fast 1100mV 0C Model Setup 'clk'
Slack : 0.419
TNS   : 0.000

Type  : Fast 1100mV 0C Model Hold 'clk'
Slack : 0.169
TNS   : 0.000

Type  : Fast 1100mV 0C Model Minimum Pulse Width 'clk'
Slack : -0.090
TNS   : -0.356

------------------------------------------------------------
